contig_1_pilon	contig_1_pilon
contig_102_pilon	contig_102_pilon
contig_103_pilon	contig_103_pilon
contig_104_pilon	contig_104_pilon
contig_105_pilon	contig_105_pilon
contig_106_pilon	contig_106_pilon
contig_108_pilon	contig_108_pilon
contig_109_pilon	contig_109_pilon
contig_11_pilon	contig_11_pilon
contig_110_pilon	contig_110_pilon
contig_13_pilon	contig_13_pilon
contig_15_pilon	contig_15_pilon
contig_19_pilon	contig_19_pilon
contig_2_pilon	contig_2_pilon
contig_27_pilon	contig_27_pilon
contig_30_pilon	contig_30_pilon
contig_31_pilon	contig_31_pilon
contig_34_pilon	contig_34_pilon
contig_35_pilon	contig_35_pilon
contig_36_pilon	contig_36_pilon
contig_37_pilon	contig_37_pilon
contig_39_pilon	contig_39_pilon
contig_40_pilon	contig_40_pilon
contig_41_pilon	contig_41_pilon
contig_42_pilon	contig_42_pilon
contig_43_pilon	contig_43_pilon
contig_44_pilon	contig_44_pilon
contig_48_pilon	contig_48_pilon
contig_5_pilon	contig_5_pilon
contig_50_pilon	contig_50_pilon
contig_53_pilon	contig_53_pilon
contig_54_pilon	contig_54_pilon
contig_57_pilon	contig_57_pilon
contig_58_pilon	contig_58_pilon
contig_59_pilon	contig_59_pilon
contig_6_pilon	contig_6_pilon
contig_62_pilon	contig_62_pilon
contig_69_pilon	contig_69_pilon
contig_71_pilon	contig_71_pilon
contig_74_pilon	contig_74_pilon
contig_78_pilon	contig_78_pilon
contig_83_pilon	contig_83_pilon
contig_84_pilon	contig_84_pilon
contig_89_pilon	contig_89_pilon
contig_93_pilon	contig_93_pilon
contig_95_pilon	contig_95_pilon
contig_96_pilon	contig_96_pilon
contig_97_pilon	contig_97_pilon
